[dbg] cycle=0, uart_tx=0x0000, pc=0x00000000, data_addr=0x00000000
SA run
SynapEngine start: 4x4
SynapEngine done.
SA VERIFY OK

SynapEngine start: 8x8
SynapEngine done.
SA VERIFY OK


memset = OFF
PSC_OS Boot Start.........
--- memset done ---
Test Ver: test_1.4.8

+--------------------------------------------------+
|                    PSC_OS                        |
|            Minimal RISC-V Kernel Boot            |
+--------------------------------------------------+
| Build : Aug  2 2026 20:15:14
| CPU   : RV32 (Supervisor mode)
| MMU   : SV32
| UART  : SBI console or
| UART  : MMIO console
| CMD   : hello, primes, dump
| CMD   : sa_start
| CMD   : sd_read, sd_write
| CMD   : mic_read, mic_write
| CMD   : fat32_info, fat32_ls, fat32_cat
| CMD   : fat32_touch
| CMD   : speech
| quit  : Ctl+A C. q.
+--------------------------------------------------+
--- create_process_1 ---
---- kernel map start. ----
