[dbg] cycle=0, last_uart=--, pc=0x00000000, data_addr=0x00000000
memset = OFF
NPU TEST
SynapEngine start: 4x4 mode=signed
SynapEngine done.

SA result / CPU reference

row 0
  [0][0]  SA=-18054  CPU=-18054
  [0][1]  SA=7264  CPU=7264
  [0][2]  SA=-680  CPU=-680
  [0][3]  SA=9152  CPU=9152

row 1
  [1][0]  SA=-11242  CPU=-11242
  [1][1]  SA=10050  CPU=10050
  [1][2]  SA=-6668  CPU=-6668
  [1][3]  SA=-3659  CPU=-3659

row 2
  [2][0]  SA=-8980  CPU=-8980
  [2][1]  SA=7138  CPU=7138
  [2][2]  SA=-6132  CPU=-6132
  [2][3]  SA=6301  CPU=6301

row 3
  [3][0]  SA=-259  CPU=-259
  [3][1]  SA=260  CPU=260
  [3][2]  SA=-4046  CPU=-4046
  [3][3]  SA=3429  CPU=3429

SA SIGNED VERIFY OK

PSC_OS Boot Start.........
--- memset done ---
Test Ver: test_1.7.0

+--------------------------------------------------+
|                    PSC_OS                        |
|            Minimal RISC-V Kernel Boot            |
+--------------------------------------------------+
| Build : Sep 25 2026 13:46:05
| CPU   : RV32 (Supervisor mode)
| MMU   : SV32
| UART  : SBI console or
| UART  : MMIO console
| CMD   : hello, primes, dump
| CMD   : sa_start
| CMD   : sd_read, sd_write
| CMD   : mic_read, mic_write
| CMD   : fat32_info, fat32_ls, fat32_cat
| CMD   : fat32_touch
| CMD   : speech
| CMD   : microPython
| microPython exit: Ctl+D.
| SBI quit : Ctl+A C. q.
+--------------------------------------------------+
--- create_process_1 ---
---- kernel map start. ----
---- MMIO map start. ----
---- MMIO region map start. ----
---- SA core address map start. ----
---- SA core data address map start. ----
---- SA core data wb address map start. ----
create_process_End
--- create_process_2 ---
DBG: _binary_shell_bin_start=00400000 _binary_shell_bin_end=00498b10
---- kernel map start. ----
---- MMIO map start. ----
---- MMIO region map start. ----
---- SA core address map start. ----
---- SA core data address map start. ----
---- SA core data wb address map start. ----
---- user image map start. ----
[dbg] cycle=10000000, last_uart=0x0a, pc=0x00201a90, data_addr=0x00201a80
[dbg] cycle=20000000, last_uart=0x0a, pc=0x00201ab4, data_addr=0x00201ae0
[dbg] cycle=30000000, last_uart=0x0a, pc=0x00201aa8, data_addr=0x00201aa0
[dbg] cycle=40000000, last_uart=0x0a, pc=0x00201aa8, data_addr=0x00201aa0
[dbg] cycle=50000000, last_uart=0x0a, pc=0x00201a90, data_addr=0x00201a80
[dbg] cycle=60000000, last_uart=0x0a, pc=0x00201aa8, data_addr=0x00201ac0
[dbg] cycle=70000000, last_uart=0x0a, pc=0x00201aa8, data_addr=0x00201ae0
[dbg] cycle=80000000, last_uart=0x0a, pc=0x00201aa8, data_addr=0x00201ae0
[dbg] cycle=90000000, last_uart=0x0a, pc=0x00201a8c, data_addr=0x00201aa0
[dbg] cycle=100000000, last_uart=0x0a, pc=0x00201aa8, data_addr=0x00201ac0
---- user stack map start. ----
[dbg] cycle=110000000, last_uart=0x0a, pc=0x00201b44, data_addr=0x00201b60
create_process_End
--- yield ---
shell start.
[34mPSC_OS> [0m
[34mPSC_OS> [0mprimes
2 3 5 7 11 13 17 19 
23 29 31 37 41 43 47 53 
59 61 67 71 73 79 83 89 
97 101 103 107 109 113 127 131 
137 139 149 151 157 163 167 173 
179 181 191 193 197 199 211 223 
227 229 233 239 241 251 257 263 
269 271 277 281 283 293 307 311 
313 317 331 337 347 349 353 359 
367 373 379 383 389 397 401 409 
419 421 431 433 439 443 449 457 
461 463 467 479 487 491 499 503 
509 521 523 541 547 557 563 569 
571 577 587 593 599 601 607 613 
617 619 631 641 643 647 653 659 
661 673 677 683 691 701 709 719 
727[dbg] cycle=120000000, last_uart=0x37, pc=0x0020216c, data_addr=0x00202180
 733 739 743 751 757 761 769 
773 787 797 809 811 821 823 827 
829 839 853 857 859 863 877 881 
883 887 907 911 919 929 937 941 
947 953 967 971 977 983 991 997 
total primes: 168 (0..1000)
[34mPSC_OS> [0mmicropython

--- MicroPython start ---
MicroPython v1.29.0-preview.727.g7de32aa1ae on 2026-09-24; minimal with unknown-cpu

>>> import math

>>> math.sin(20)

0.9129453

>>> 