[dbg] cycle=0, last_uart=--, pc=0x00000000, data_addr=0x00000000
memset = OFF
PSC_OS Boot Start.........
--- memset done ---
Test Ver: test_1.7.0

+--------------------------------------------------+
|                    PSC_OS                        |
|            Minimal RISC-V Kernel Boot            |
+--------------------------------------------------+
| Build : Sep  3 2026 18:49:30
| CPU   : RV32 (Supervisor mode)
| MMU   : SV32
| UART  : SBI console or
| UART  : MMIO console
| CMD   : hello, primes, dump
| CMD   : sa_start
| CMD   : sd_read, sd_write
| CMD   : mic_read, mic_write
| CMD   : fat32_info, fat32_ls, fat32_cat
| CMD   : fat32_touch
| CMD   : speech
| CMD   : microPython
| microPython exit: Ctl+D.
| SBI quit : Ctl+A C. q.
+--------------------------------------------------+
--- create_process_1 ---
---- kernel map start. ----
---- MMIO map start. ----
---- MMIO region map start. ----
---- SA core address map start. ----
---- SA core data address map start. ----
---- SA core data wb address map start. ----
create_process_End
--- create_process_2 ---
DBG: _binary_shell_bin_start=00400000 _binary_shell_bin_end=00423770
---- kernel map start. ----
---- MMIO map start. ----
---- MMIO region map start. ----
---- SA core address map start. ----
---- SA core data address map start. ----
---- SA core data wb address map start. ----
---- user image map start. ----
