[dbg] cycle=0, last_uart=--, pc=0x00000000, data_addr=0x00000000
memset = OFF
PSC_OS Boot Start.........
--- memset done ---
Test Ver: test_1.7.0

+--------------------------------------------------+
|                    PSC_OS                        |
|            Minimal RISC-V Kernel Boot            |
+--------------------------------------------------+
| Build : Sep  3 2026 10:45:08
| CPU   : RV32 (Supervisor mode)
| MMU   : SV32
| UART  : SBI console or
| UART  : MMIO console
| CMD   : hello, primes, dump
| CMD   : sa_start
| CMD   : sd_read, sd_write
| CMD   : mic_read, mic_write
| CMD   : fat32_info, fat32_ls, fat32_cat
| CMD   : fat32_touch
| CMD   : speech
| CMD   : microPython
| microPython exit: Ctl+D.
| SBI quit : Ctl+A C. q.
+--------------------------------------------------+
--- create_process_1 ---
---- kernel map start. ----
---- MMIO map start. ----
---- MMIO region map start. ----
---- SA core address map start. ----
---- SA core data address map start. ----
---- SA core data wb address map start. ----
create_process_End
--- create_process_2 ---
DBG: _binary_shell_bin_start=00400000 _binary_shell_bin_end=00423770
---- kernel map start. ----
---- MMIO map start. ----
---- MMIO region map start. ----
---- SA core address map start. ----
---- SA core data address map start. ----
---- SA core data wb address map start. ----
---- user image map start. ----
[dbg] cycle=10000000, last_uart=0x0a, pc=0x002012c0, data_addr=0x002c9b74
[dbg] cycle=20000000, last_uart=0x0a, pc=0x002012d8, data_addr=0x0041404c
[dbg] cycle=30000000, last_uart=0x0a, pc=0x002012d8, data_addr=0x0041f5d7
---- user stack map start. ----
[dbg] cycle=40000000, last_uart=0x0a, pc=0x00201374, data_addr=0x002c9b74
create_process_End
--- create_process_3 ---
shell start.
[34mPSC_OS> [0mpries
unknown command: pries
[34mPSC_OS> [0mprimes
2 3UNEXPECTED_M_TRAP cause=0000000d mepc=00201768 mstatus=00000880
