********* Archive Project on 2026-09-21 18:22:38 *********
Tool Version: V1.9.12.03 (64-bit)
Archive file: C:\Gowin\Gowin_V1.9.9_x64\IDE\bin\Documents\PSC_ONE\PSC_ONE.gar
Archive files successfully


********* Archived files *********
C:\Gowin\Gowin_V1.9.9_x64\IDE\bin\Documents\PSC_ONE\PSC_ONE.gprj
C:\Gowin\Gowin_V1.9.9_x64\IDE\bin\Documents\PSC_ONE\PSC_ONE.gprj.user
C:\Gowin\Gowin_V1.9.9_x64\IDE\bin\Documents\PSC_ONE\impl\PSC_ONE_process_config.json
C:\Gowin\Gowin_V1.9.9_x64\IDE\bin\Documents\PSC_ONE\src\PSC_ONE_tang20k_cst.cst
C:\Gowin\Gowin_V1.9.9_x64\IDE\bin\Documents\PSC_ONE\src\PSC_ONE_tang20k_sdc.sdc
C:\Gowin\Gowin_V1.9.9_x64\IDE\bin\Documents\PSC_ONE\src\cpu_pc.rao
C:\Gowin\Gowin_V1.9.9_x64\IDE\bin\Documents\PSC_ONE\src\lcd.rao
C:\Gowin\Gowin_V1.9.9_x64\IDE\bin\Documents\PSC_ONE\src\mic.rao
C:\Gowin\Gowin_V1.9.9_x64\IDE\bin\Documents\PSC_ONE\src\sa.rao
C:\Gowin\Gowin_V1.9.9_x64\IDE\bin\Documents\PSC_ONE\src\soc\axi\sdram_32bit_to_256bit_axi_bridge.v
C:\Gowin\Gowin_V1.9.9_x64\IDE\bin\Documents\PSC_ONE\src\soc\axi\sdram_axi_controller.v
C:\Gowin\Gowin_V1.9.9_x64\IDE\bin\Documents\PSC_ONE\src\soc\boot\PSC_ONE_Boot_axi.v
C:\Gowin\Gowin_V1.9.9_x64\IDE\bin\Documents\PSC_ONE\src\soc\boot\mem\bootloader.mem
C:\Gowin\Gowin_V1.9.9_x64\IDE\bin\Documents\PSC_ONE\src\soc\boot\mem\bootloader_fat32.mem
C:\Gowin\Gowin_V1.9.9_x64\IDE\bin\Documents\PSC_ONE\src\soc\boot\mem\bootrom.mem
C:\Gowin\Gowin_V1.9.9_x64\IDE\bin\Documents\PSC_ONE\src\soc\cache\Makefile
C:\Gowin\Gowin_V1.9.9_x64\IDE\bin\Documents\PSC_ONE\src\soc\cache\src\cache_dma_controller.sv
C:\Gowin\Gowin_V1.9.9_x64\IDE\bin\Documents\PSC_ONE\src\soc\cache\src\cache_dma_controller_io.sv
C:\Gowin\Gowin_V1.9.9_x64\IDE\bin\Documents\PSC_ONE\src\soc\cache\src\dm_cache_data.v
C:\Gowin\Gowin_V1.9.9_x64\IDE\bin\Documents\PSC_ONE\src\soc\cache\src\dm_cache_tag.v
C:\Gowin\Gowin_V1.9.9_x64\IDE\bin\Documents\PSC_ONE\src\soc\cpu\Makefile
C:\Gowin\Gowin_V1.9.9_x64\IDE\bin\Documents\PSC_ONE\src\soc\cpu\src\Branch.v
C:\Gowin\Gowin_V1.9.9_x64\IDE\bin\Documents\PSC_ONE\src\soc\cpu\src\Csr.v
C:\Gowin\Gowin_V1.9.9_x64\IDE\bin\Documents\PSC_ONE\src\soc\cpu\src\Decorder.v
C:\Gowin\Gowin_V1.9.9_x64\IDE\bin\Documents\PSC_ONE\src\soc\cpu\src\Delay_N.v
C:\Gowin\Gowin_V1.9.9_x64\IDE\bin\Documents\PSC_ONE\src\soc\cpu\src\Execute.v
C:\Gowin\Gowin_V1.9.9_x64\IDE\bin\Documents\PSC_ONE\src\soc\cpu\src\Execute_Divider.v
C:\Gowin\Gowin_V1.9.9_x64\IDE\bin\Documents\PSC_ONE\src\soc\cpu\src\Execute_Mul.v
C:\Gowin\Gowin_V1.9.9_x64\IDE\bin\Documents\PSC_ONE\src\soc\cpu\src\Fetch.v
C:\Gowin\Gowin_V1.9.9_x64\IDE\bin\Documents\PSC_ONE\src\soc\cpu\src\Fetch_Fifo.v
C:\Gowin\Gowin_V1.9.9_x64\IDE\bin\Documents\PSC_ONE\src\soc\cpu\src\MMU.v
C:\Gowin\Gowin_V1.9.9_x64\IDE\bin\Documents\PSC_ONE\src\soc\cpu\src\MemoryStore.v
C:\Gowin\Gowin_V1.9.9_x64\IDE\bin\Documents\PSC_ONE\src\soc\cpu\src\PSC_ONE_RV32ISP_core.v
C:\Gowin\Gowin_V1.9.9_x64\IDE\bin\Documents\PSC_ONE\src\soc\cpu\src\PSC_RV32ISP_Execute.v
C:\Gowin\Gowin_V1.9.9_x64\IDE\bin\Documents\PSC_ONE\src\soc\cpu\src\PSC_RV32ISP_Fetch.v
C:\Gowin\Gowin_V1.9.9_x64\IDE\bin\Documents\PSC_ONE\src\soc\cpu\src\PSC_RV32ISP_Monitor.v
C:\Gowin\Gowin_V1.9.9_x64\IDE\bin\Documents\PSC_ONE\src\soc\cpu\src\PSC_RV32ISP_core.v
C:\Gowin\Gowin_V1.9.9_x64\IDE\bin\Documents\PSC_ONE\src\soc\cpu\src\Register.v
C:\Gowin\Gowin_V1.9.9_x64\IDE\bin\Documents\PSC_ONE\src\soc\cpu\src\vdefines_file.v
C:\Gowin\Gowin_V1.9.9_x64\IDE\bin\Documents\PSC_ONE\src\soc\cpu_v1\Branch.sv
C:\Gowin\Gowin_V1.9.9_x64\IDE\bin\Documents\PSC_ONE\src\soc\cpu_v1\Csr.sv
C:\Gowin\Gowin_V1.9.9_x64\IDE\bin\Documents\PSC_ONE\src\soc\cpu_v1\Decorder.sv
C:\Gowin\Gowin_V1.9.9_x64\IDE\bin\Documents\PSC_ONE\src\soc\cpu_v1\Execute.sv
C:\Gowin\Gowin_V1.9.9_x64\IDE\bin\Documents\PSC_ONE\src\soc\cpu_v1\Execute_Divider.sv
C:\Gowin\Gowin_V1.9.9_x64\IDE\bin\Documents\PSC_ONE\src\soc\cpu_v1\Execute_Mul.sv
C:\Gowin\Gowin_V1.9.9_x64\IDE\bin\Documents\PSC_ONE\src\soc\cpu_v1\Fetch.sv
C:\Gowin\Gowin_V1.9.9_x64\IDE\bin\Documents\PSC_ONE\src\soc\cpu_v1\Fetch_Fifo.sv
C:\Gowin\Gowin_V1.9.9_x64\IDE\bin\Documents\PSC_ONE\src\soc\cpu_v1\MMU.sv
C:\Gowin\Gowin_V1.9.9_x64\IDE\bin\Documents\PSC_ONE\src\soc\cpu_v1\MemoryStore.sv
C:\Gowin\Gowin_V1.9.9_x64\IDE\bin\Documents\PSC_ONE\src\soc\cpu_v1\PSC_FetchPredict.sv
C:\Gowin\Gowin_V1.9.9_x64\IDE\bin\Documents\PSC_ONE\src\soc\cpu_v1\PSC_InstructionUnit.sv
C:\Gowin\Gowin_V1.9.9_x64\IDE\bin\Documents\PSC_ONE\src\soc\cpu_v1\PSC_ONE_RV32ISP_core.v
C:\Gowin\Gowin_V1.9.9_x64\IDE\bin\Documents\PSC_ONE\src\soc\cpu_v1\PSC_ONE_RV32_core.v
C:\Gowin\Gowin_V1.9.9_x64\IDE\bin\Documents\PSC_ONE\src\soc\cpu_v1\PSC_PC.sv
C:\Gowin\Gowin_V1.9.9_x64\IDE\bin\Documents\PSC_ONE\src\soc\cpu_v1\PSC_RV32ISP_FetchUnit.sv
C:\Gowin\Gowin_V1.9.9_x64\IDE\bin\Documents\PSC_ONE\src\soc\cpu_v1\PSC_RV32ISP_InstructionEngine.sv
C:\Gowin\Gowin_V1.9.9_x64\IDE\bin\Documents\PSC_ONE\src\soc\cpu_v1\PSC_RV32ISP_Monitor.v
C:\Gowin\Gowin_V1.9.9_x64\IDE\bin\Documents\PSC_ONE\src\soc\cpu_v1\PSC_RV32ISP_core.sv
C:\Gowin\Gowin_V1.9.9_x64\IDE\bin\Documents\PSC_ONE\src\soc\cpu_v1\PSC_RV32_FetchUnit.sv
C:\Gowin\Gowin_V1.9.9_x64\IDE\bin\Documents\PSC_ONE\src\soc\cpu_v1\PSC_RV32_InstructionEngine.sv
C:\Gowin\Gowin_V1.9.9_x64\IDE\bin\Documents\PSC_ONE\src\soc\cpu_v1\PSC_RV32_Monitor.v
C:\Gowin\Gowin_V1.9.9_x64\IDE\bin\Documents\PSC_ONE\src\soc\cpu_v1\PSC_RV32_core.sv
C:\Gowin\Gowin_V1.9.9_x64\IDE\bin\Documents\PSC_ONE\src\soc\cpu_v1\PSC_Register.sv
C:\Gowin\Gowin_V1.9.9_x64\IDE\bin\Documents\PSC_ONE\src\soc\cpu_v1\PSC_Types.sv
C:\Gowin\Gowin_V1.9.9_x64\IDE\bin\Documents\PSC_ONE\src\soc\dma\PSC_ONE_DMA_axi.v
C:\Gowin\Gowin_V1.9.9_x64\IDE\bin\Documents\PSC_ONE\src\soc\gowin_clkdiv\gowin_clkdiv.ipc
C:\Gowin\Gowin_V1.9.9_x64\IDE\bin\Documents\PSC_ONE\src\soc\gowin_clkdiv\gowin_clkdiv.mod
C:\Gowin\Gowin_V1.9.9_x64\IDE\bin\Documents\PSC_ONE\src\soc\gowin_clkdiv\gowin_clkdiv.v
C:\Gowin\Gowin_V1.9.9_x64\IDE\bin\Documents\PSC_ONE\src\soc\gowin_clkdiv\gowin_clkdiv_tmp.v
C:\Gowin\Gowin_V1.9.9_x64\IDE\bin\Documents\PSC_ONE\src\soc\gowin_rpll\gowin_rpll.ipc
C:\Gowin\Gowin_V1.9.9_x64\IDE\bin\Documents\PSC_ONE\src\soc\gowin_rpll\gowin_rpll.mod
C:\Gowin\Gowin_V1.9.9_x64\IDE\bin\Documents\PSC_ONE\src\soc\gowin_rpll\gowin_rpll.v
C:\Gowin\Gowin_V1.9.9_x64\IDE\bin\Documents\PSC_ONE\src\soc\gowin_rpll\gowin_rpll_tmp.v
C:\Gowin\Gowin_V1.9.9_x64\IDE\bin\Documents\PSC_ONE\src\soc\mmio\I2S_RX\PSC_I2SRX.sv
C:\Gowin\Gowin_V1.9.9_x64\IDE\bin\Documents\PSC_ONE\src\soc\mmio\LCD\PSC_ONE_LCD.v
C:\Gowin\Gowin_V1.9.9_x64\IDE\bin\Documents\PSC_ONE\src\soc\mmio\LCD\tft_clock_divider.v
C:\Gowin\Gowin_V1.9.9_x64\IDE\bin\Documents\PSC_ONE\src\soc\mmio\LCD\tft_ili9488.v
C:\Gowin\Gowin_V1.9.9_x64\IDE\bin\Documents\PSC_ONE\src\soc\mmio\LCD\tft_ili9488_spi.v
C:\Gowin\Gowin_V1.9.9_x64\IDE\bin\Documents\PSC_ONE\src\soc\mmio\LED\PSC_RV32IS_LED.v
C:\Gowin\Gowin_V1.9.9_x64\IDE\bin\Documents\PSC_ONE\src\soc\mmio\MMIO\PSC_RV32IS_MMapped_IO.v
C:\Gowin\Gowin_V1.9.9_x64\IDE\bin\Documents\PSC_ONE\src\soc\mmio\Makefile
C:\Gowin\Gowin_V1.9.9_x64\IDE\bin\Documents\PSC_ONE\src\soc\mmio\PSC_SDCARD\README.ja.md
C:\Gowin\Gowin_V1.9.9_x64\IDE\bin\Documents\PSC_ONE\src\soc\mmio\PSC_SDCARD\README.md
C:\Gowin\Gowin_V1.9.9_x64\IDE\bin\Documents\PSC_ONE\src\soc\mmio\PSC_SDCARD\cpp\sdcard_api.c
C:\Gowin\Gowin_V1.9.9_x64\IDE\bin\Documents\PSC_ONE\src\soc\mmio\PSC_SDCARD\src\PSC_SDCard.sv
C:\Gowin\Gowin_V1.9.9_x64\IDE\bin\Documents\PSC_ONE\src\soc\mmio\PSC_SDCARD\src\PSC_SDCard_SPI.sv
C:\Gowin\Gowin_V1.9.9_x64\IDE\bin\Documents\PSC_ONE\src\soc\mmio\TIMER\PSC_RV32IS_TIMER.v
C:\Gowin\Gowin_V1.9.9_x64\IDE\bin\Documents\PSC_ONE\src\soc\mmio\UART\PSC_RV32IS_UART.v
C:\Gowin\Gowin_V1.9.9_x64\IDE\bin\Documents\PSC_ONE\src\soc\npu\README.md
C:\Gowin\Gowin_V1.9.9_x64\IDE\bin\Documents\PSC_ONE\src\soc\npu\docs\images\PSC_SynapEngine.jpg
C:\Gowin\Gowin_V1.9.9_x64\IDE\bin\Documents\PSC_ONE\src\soc\npu\src\PSC_NPU_Controller.v
C:\Gowin\Gowin_V1.9.9_x64\IDE\bin\Documents\PSC_ONE\src\soc\npu\src\PSC_NPU_PE_INT.sv
C:\Gowin\Gowin_V1.9.9_x64\IDE\bin\Documents\PSC_ONE\src\soc\npu\src\PSC_NPU_PE_Mult.sv
C:\Gowin\Gowin_V1.9.9_x64\IDE\bin\Documents\PSC_ONE\src\soc\npu\src\PSC_NPU_ReadController.v
C:\Gowin\Gowin_V1.9.9_x64\IDE\bin\Documents\PSC_ONE\src\soc\npu\src\PSC_NPU_SystolicArray4x4.v
C:\Gowin\Gowin_V1.9.9_x64\IDE\bin\Documents\PSC_ONE\src\soc\pfe\src\PSC_PFE.v
C:\Gowin\Gowin_V1.9.9_x64\IDE\bin\Documents\PSC_ONE\src\soc\soc_top\PSC_ONE_SOC.v
C:\Gowin\Gowin_V1.9.9_x64\IDE\bin\Documents\PSC_ONE\src\tang20k\sdram_controller\sdram_controller.sv
C:\Gowin\Gowin_V1.9.9_x64\IDE\bin\Documents\PSC_ONE\src\tang20k\top\Delay_N.v
C:\Gowin\Gowin_V1.9.9_x64\IDE\bin\Documents\PSC_ONE\src\tang20k\top\PSC_ONE_Chip.v

********* Total 100 files to archive *********

