
 /----------------------------------------------------------------------------\
 |  yosys -- Yosys Open SYnthesis Suite                                       |
 |  Copyright (C) 2012 - 2025  Claire Xenia Wolf <claire@yosyshq.com>         |
 |  Distributed under an ISC-like license, type "license" to see terms        |
 \----------------------------------------------------------------------------/
 Yosys 0.52 (git sha1 fee39a3284c90249e1d9684cf6944ffbbcbb8f90)

-- Running command `	read_verilog -sv ../rtl/cpu/src/PSC_ONE_RV32_core.v ../rtl/cpu/src/PSC_RV32_core.v ../rtl/cpu/src/PSC_RV32_Fetch.v ../rtl/cpu/src/PSC_RV32_Execute.v ../rtl/cpu/src/Fetch_Fifo.v ../rtl/cpu/src/Fetch.v ../rtl/cpu/src/Decorder.v ../rtl/cpu/src/Execute.v ../rtl/cpu/src/Execute_Divider.v ../rtl/cpu/src/Execute_Mul.v ../rtl/cpu/src/Branch.v ../rtl/cpu/src/MemoryStore.v ../rtl/cpu/src/Register.v ../rtl/cpu/src/MMU.v ../rtl/cpu/src/Csr.v ../rtl/cpu/src/PSC_RV32_Monitor.v; 	hierarchy -top PSC_RV32ISP_core; 	proc; opt; 	stat' --

1. Executing Verilog-2005 frontend: ../rtl/cpu/src/PSC_ONE_RV32_core.v
Parsing SystemVerilog input from `../rtl/cpu/src/PSC_ONE_RV32_core.v' to AST representation.
Generating RTLIL representation for module `\PSC_ONE_RV32_core'.
Successfully finished Verilog frontend.

2. Executing Verilog-2005 frontend: ../rtl/cpu/src/PSC_RV32_core.v
Parsing SystemVerilog input from `../rtl/cpu/src/PSC_RV32_core.v' to AST representation.
Generating RTLIL representation for module `\PSC_RV32_core'.
Successfully finished Verilog frontend.

3. Executing Verilog-2005 frontend: ../rtl/cpu/src/PSC_RV32_Fetch.v
Parsing SystemVerilog input from `../rtl/cpu/src/PSC_RV32_Fetch.v' to AST representation.
Generating RTLIL representation for module `\PSC_RV32_Fetch'.
Successfully finished Verilog frontend.

4. Executing Verilog-2005 frontend: ../rtl/cpu/src/PSC_RV32_Execute.v
Parsing SystemVerilog input from `../rtl/cpu/src/PSC_RV32_Execute.v' to AST representation.
Generating RTLIL representation for module `\PSC_RV32_Execute'.
Successfully finished Verilog frontend.

5. Executing Verilog-2005 frontend: ../rtl/cpu/src/Fetch_Fifo.v
Parsing SystemVerilog input from `../rtl/cpu/src/Fetch_Fifo.v' to AST representation.
Generating RTLIL representation for module `\Fetch_Fifo'.
Warning: Replacing memory \pc_mem with list of registers. See ../rtl/cpu/src/Fetch_Fifo.v:71
Warning: Replacing memory \mem with list of registers. See ../rtl/cpu/src/Fetch_Fifo.v:70
Successfully finished Verilog frontend.

6. Executing Verilog-2005 frontend: ../rtl/cpu/src/Fetch.v
Parsing SystemVerilog input from `../rtl/cpu/src/Fetch.v' to AST representation.
Generating RTLIL representation for module `\Fetch'.
Successfully finished Verilog frontend.

7. Executing Verilog-2005 frontend: ../rtl/cpu/src/Decorder.v
Parsing SystemVerilog input from `../rtl/cpu/src/Decorder.v' to AST representation.
Generating RTLIL representation for module `\Decorder'.
Successfully finished Verilog frontend.

8. Executing Verilog-2005 frontend: ../rtl/cpu/src/Execute.v
Parsing SystemVerilog input from `../rtl/cpu/src/Execute.v' to AST representation.
Generating RTLIL representation for module `\Execute'.
Successfully finished Verilog frontend.

9. Executing Verilog-2005 frontend: ../rtl/cpu/src/Execute_Divider.v
Parsing SystemVerilog input from `../rtl/cpu/src/Execute_Divider.v' to AST representation.
Generating RTLIL representation for module `\Execute_Divider'.
Successfully finished Verilog frontend.

10. Executing Verilog-2005 frontend: ../rtl/cpu/src/Execute_Mul.v
Parsing SystemVerilog input from `../rtl/cpu/src/Execute_Mul.v' to AST representation.
Generating RTLIL representation for module `\Execute_Mul'.
Successfully finished Verilog frontend.

11. Executing Verilog-2005 frontend: ../rtl/cpu/src/Branch.v
Parsing SystemVerilog input from `../rtl/cpu/src/Branch.v' to AST representation.
Generating RTLIL representation for module `\Branch'.
Successfully finished Verilog frontend.

12. Executing Verilog-2005 frontend: ../rtl/cpu/src/MemoryStore.v
Parsing SystemVerilog input from `../rtl/cpu/src/MemoryStore.v' to AST representation.
Generating RTLIL representation for module `\MemoryStore'.
Successfully finished Verilog frontend.

13. Executing Verilog-2005 frontend: ../rtl/cpu/src/Register.v
Parsing SystemVerilog input from `../rtl/cpu/src/Register.v' to AST representation.
Generating RTLIL representation for module `\Register'.
Warning: Replacing memory \registers with list of registers. See ../rtl/cpu/src/Register.v:24
Successfully finished Verilog frontend.

14. Executing Verilog-2005 frontend: ../rtl/cpu/src/MMU.v
Parsing SystemVerilog input from `../rtl/cpu/src/MMU.v' to AST representation.
Generating RTLIL representation for module `\MMU'.
Successfully finished Verilog frontend.

15. Executing Verilog-2005 frontend: ../rtl/cpu/src/Csr.v
Parsing SystemVerilog input from `../rtl/cpu/src/Csr.v' to AST representation.
Generating RTLIL representation for module `\Csr'.
Successfully finished Verilog frontend.

16. Executing Verilog-2005 frontend: ../rtl/cpu/src/PSC_RV32_Monitor.v
Parsing SystemVerilog input from `../rtl/cpu/src/PSC_RV32_Monitor.v' to AST representation.
Generating RTLIL representation for module `\PSC_RV32_Monitor'.
Successfully finished Verilog frontend.

17. Executing HIERARCHY pass (managing design hierarchy).
ERROR: Module `PSC_RV32ISP_core' not found!
